  n=10: maximal=False perfect=False witness=None [0.0s]
  n=20: maximal=False perfect=False witness=None [0.0s]
  n=30: maximal=False perfect=False witness=None [0.0s]
  n=40: maximal=False perfect=False witness=None [0.0s]
  n=48: maximal=True perfect=False witness=[0, 10, 21, 35, 36, 39, 41] [0.0s]
  n=49: maximal=True perfect=False witness=[0, 4, 10, 32, 33, 35, 40] [0.0s]
  n=50: maximal=True perfect=False witness=[0, 8, 27, 37, 38, 41, 43] [0.0s]
  n=51: maximal=True perfect=False witness=[0, 3, 12, 36, 37, 41, 43] [0.0s]
  n=52: maximal=True perfect=False witness=[0, 20, 29, 39, 41, 44, 45] [0.0s]
  n=53: maximal=True perfect=False witness=[0, 19, 28, 39, 40, 43, 45] [0.0s]
  n=54: maximal=True perfect=False witness=[0, 18, 25, 38, 39, 42, 44] [0.0s]
  n=55: maximal=True perfect=False witness=[0, 16, 26, 34, 35, 38, 40] [0.0s]
  n=56: maximal=True perfect=False witness=[0, 7, 29, 38, 39, 42, 44] [0.0s]
  n=57: maximal=True perfect=False witness=[0, 14, 26, 42, 44, 47, 48] [0.0s]
  n=58: maximal=True perfect=False witness=[0, 15, 35, 45, 46, 49, 51] [0.0s]
  n=59: maximal=True perfect=False witness=[0, 12, 30, 44, 46, 49, 50] [0.0s]
  n=60: maximal=True perfect=False witness=[0, 11, 31, 44, 45, 48, 50] [0.0s]
  n=61: maximal=True perfect=False witness=[0, 18, 25, 33, 34, 37, 39] [0.1s]
  n=62: maximal=True perfect=False witness=[0, 3, 13, 22, 24, 28, 29] [0.0s]
  n=63: maximal=True perfect=False witness=[0, 8, 15, 27, 28, 31, 33] [0.1s]
  n=64: maximal=True perfect=False witness=[0, 12, 31, 49, 51, 54, 55] [0.1s]
  n=65: maximal=True perfect=False witness=[0, 19, 40, 51, 53, 56, 57] [0.1s]
  n=66: maximal=True perfect=False witness=[0, 10, 39, 53, 54, 57, 59] [0.1s]
  n=67: maximal=True perfect=False witness=[0, 13, 24, 53, 55, 58, 59] [0.1s]
  n=68: maximal=True perfect=False witness=[0, 19, 43, 54, 55, 58, 60] [0.1s]
  n=69: maximal=True perfect=False witness=[0, 6, 10, 21, 22, 24, 29] [0.2s]
  n=70: maximal=True perfect=False witness=[0, 11, 18, 56, 57, 60, 62] [0.2s]
  n=71: maximal=True perfect=False witness=[0, 9, 31, 55, 57, 60, 61] [0.3s]
  n=72: maximal=True perfect=False witness=[0, 8, 15, 27, 28, 31, 33] [0.2s]
  n=73: maximal=True perfect=False witness=[0, 14, 36, 56, 57, 60, 62] [0.3s]
  n=74: maximal=True perfect=False witness=[0, 14, 41, 52, 53, 56, 58] [0.3s]
  n=75: maximal=True perfect=False witness=[0, 9, 32, 45, 46, 49, 51] [0.4s]
  n=76: maximal=True perfect=False witness=[0, 3, 11, 20, 21, 25, 27] [0.3s]
  n=77: maximal=True perfect=False witness=[0, 11, 50, 58, 59, 62, 64] [0.5s]
  n=78: maximal=True perfect=False witness=[0, 9, 16, 59, 60, 63, 65] [0.4s]
  n=79: maximal=True perfect=False witness=[0, 3, 40, 48, 49, 53, 55] [0.6s]
  n=80: maximal=True perfect=False witness=[0, 3, 48, 65, 67, 71, 72] [0.5s]
  n=81: maximal=True perfect=False witness=[0, 23, 54, 66, 67, 70, 72] [0.7s]
  n=82: maximal=True perfect=False witness=[0, 8, 18, 61, 62, 65, 67] [0.6s]
  n=83: maximal=True perfect=False witness=[0, 3, 25, 34, 35, 39, 41] [0.8s]
  n=84: maximal=True perfect=False witness=[0, 3, 31, 63, 64, 68, 70] [0.7s]
  n=85: maximal=True perfect=False witness=[0, 40, 62, 72, 73, 76, 78] [1.0s]
  n=86: maximal=True perfect=False witness=[0, 7, 23, 67, 68, 71, 73] [0.8s]
  n=87: maximal=True perfect=False witness=[0, 4, 13, 29, 30, 32, 37] [1.3s]
  n=88: maximal=True perfect=False witness=[0, 10, 21, 58, 59, 62, 64] [1.0s]
  n=89: maximal=True perfect=False witness=[0, 3, 15, 31, 32, 36, 38] [1.3s]
  n=90: maximal=True perfect=False witness=[0, 27, 62, 74, 75, 79, 81] [1.2s]
  n=91: maximal=True perfect=False witness=[0, 9, 40, 77, 78, 81, 83] [1.7s]
  n=92: maximal=True perfect=False witness=[0, 4, 41, 56, 57, 62, 64] [1.3s]
  n=93: maximal=True perfect=False witness=[0, 3, 52, 76, 77, 81, 83] [1.8s]
  n=94: maximal=True perfect=False witness=[0, 15, 19, 72, 73, 78, 80] [1.7s]
  n=95: maximal=True perfect=False witness=[0, 5, 31, 79, 80, 82, 86] [2.0s]
  n=96: maximal=True perfect=False witness=[0, 39, 69, 77, 79, 80, 84] [1.9s]
  n=97: maximal=True perfect=False witness=[0, 14, 15, 35, 37, 40, 44] [2.5s]
  n=98: maximal=True perfect=False witness=[0, 5, 27, 38, 39, 41, 45] [2.2s]
  n=99: maximal=True perfect=False witness=[0, 16, 43, 60, 61, 63, 67] [2.7s]
  n=100: maximal=True perfect=False witness=[0, 5, 15, 41, 42, 44, 48] [2.6s]
  n=101: maximal=True perfect=False witness=[0, 39, 60, 88, 89, 92, 94] [3.2s]
  n=102: maximal=True perfect=False witness=[0, 5, 38, 77, 78, 80, 84] [2.9s]
  n=103: maximal=True perfect=False witness=[0, 9, 51, 67, 68, 71, 73] [4.0s]
  n=104: maximal=True perfect=False witness=[0, 4, 58, 86, 87, 89, 94] [3.3s]
  n=105: maximal=True perfect=False witness=[0, 30, 40, 57, 58, 61, 63] [4.6s]
  n=106: maximal=True perfect=False witness=[0, 54, 71, 91, 92, 94, 98] [4.1s]
  n=107: maximal=True perfect=False witness=[0, 12, 23, 81, 82, 85, 87] [5.3s]
  n=108: maximal=True perfect=False witness=[0, 31, 41, 59, 60, 63, 65] [4.4s]
  n=109: maximal=True perfect=False witness=[0, 2, 32, 87, 88, 91, 96] [6.2s]
  n=110: maximal=True perfect=False witness=[0, 7, 20, 41, 42, 44, 50] [5.2s]
  n=111: maximal=True perfect=False witness=[0, 10, 23, 45, 47, 48, 52] [7.1s]
  n=112: maximal=True perfect=False witness=[0, 3, 18, 42, 43, 47, 49] [6.2s]
  n=113: maximal=True perfect=False witness=[0, 2, 17, 42, 43, 46, 51] [8.5s]
  n=114: maximal=True perfect=False witness=[0, 15, 27, 90, 91, 93, 97] [7.1s]
  n=115: maximal=True perfect=False witness=[0, 6, 54, 84, 86, 87, 97] [9.6s]
  n=116: maximal=True perfect=False witness=[0, 16, 31, 43, 44, 48, 50] [8.5s]
  n=117: maximal=True perfect=False witness=[0, 20, 39, 91, 92, 94, 106] [11.6s]
  n=118: maximal=True perfect=False witness=[0, 18, 42, 45, 46, 51, 53] [9.7s]
  n=120: maximal=True perfect=False witness=[0, 4, 28, 45, 46, 48, 57] [10.9s]
  n=122: maximal=True perfect=False witness=[0, 2, 28, 44, 45, 48, 55] [12.9s]
  n=124: maximal=True perfect=False witness=[0, 4, 19, 27, 28, 30, 84] [14.8s]
  n=126: maximal=True perfect=False witness=[0, 21, 50, 103, 104, 119, 121] [16.9s]
  n=130: maximal=False perfect=False witness=None [21.5s]
  n=140: maximal=False perfect=False witness=None [40.3s]
  n=150: maximal=False perfect=False witness=None [71.3s]
cyc k=7: max n with maximal size-k Sidon set = 126; largest n with a perfect one = 0  [1758s]
